------------------------------------------------------------
TimeQuest Timing Analyzer Summary
------------------------------------------------------------

Type  : Slow 1200mV 85C Model Setup 'clk'
Slack : -3.449
TNS   : -447.738

Type  : Slow 1200mV 85C Model Hold 'clk'
Slack : 0.296
TNS   : 0.000

Type  : Slow 1200mV 85C Model Recovery 'clk'
Slack : -0.932
TNS   : -41.685

Type  : Slow 1200mV 85C Model Removal 'clk'
Slack : 0.560
TNS   : 0.000

Type  : Slow 1200mV 85C Model Minimum Pulse Width 'clk'
Slack : -3.000
TNS   : -254.696

Type  : Slow 1200mV 0C Model Setup 'clk'
Slack : -3.024
TNS   : -380.777

Type  : Slow 1200mV 0C Model Hold 'clk'
Slack : 0.293
TNS   : 0.000

Type  : Slow 1200mV 0C Model Recovery 'clk'
Slack : -0.741
TNS   : -29.948

Type  : Slow 1200mV 0C Model Removal 'clk'
Slack : 0.505
TNS   : 0.000

Type  : Slow 1200mV 0C Model Minimum Pulse Width 'clk'
Slack : -3.000
TNS   : -254.696

Type  : Fast 1200mV 0C Model Setup 'clk'
Slack : -1.496
TNS   : -168.026

Type  : Fast 1200mV 0C Model Hold 'clk'
Slack : 0.146
TNS   : 0.000

Type  : Fast 1200mV 0C Model Recovery 'clk'
Slack : -0.133
TNS   : -1.756

Type  : Fast 1200mV 0C Model Removal 'clk'
Slack : 0.314
TNS   : 0.000

Type  : Fast 1200mV 0C Model Minimum Pulse Width 'clk'
Slack : -3.000
TNS   : -258.424

------------------------------------------------------------
